Loading wind farm: Wind farm site 3 (Nominal capacity-99MW)
Nominal Capacity: 99 MW
Samples: 70176
Detected columns:
  Wind hub: Wind speed - at the height of wheel hub (m/s)
  Temperature: Air temperature  (°C) 
  Power: Power (MW)
Using 15 features: ['Wind speed - at the height of wheel hub (m/s)', 'Wind speed at height of 50 meters (m/s)', 'Wind speed at height of 30 meters (m/s)', 'Wind speed at height of 10 meters (m/s)', 'Air temperature  (°C) ', 'Atmosphere (hpa)', 'Relative humidity (%)', 'sin(Wind speed - at the height of wheel hub (˚))', 'cos(Wind speed - at the height of wheel hub (˚))', 'sin(Wind direction at height of 50 meters (˚))', 'cos(Wind direction at height of 50 meters (˚))', 'sin(Wind direction at height of 30 meters (˚))', 'cos(Wind direction at height of 30 meters (˚))', 'sin(Wind direction at height of 10 meters (˚))', 'cos(Wind direction at height of 10 meters (˚))']

Identifying extreme weather events...
Total Samples: 70176
Extreme Samples: 4144 (5.91%)
  - Statistical Rule (>98.0%, wind=True, power=False): 1400
  - Ramp Rule (>4.95MW): 8116
  - Cut-out Rule (>25.0m/s): 1
  - Temperature Rule: 2807

[Data Split Info]
Source Domain (Normal): 66008 samples
Target Domain (Extreme): 4144 samples

[TL-QLDMR] Hyperparameter search...
  - Trial 1/8: {'lambda1': 0.0001, 'lambda2': 1e-05, 'C_S': 0.1, 'C_T': 50.0, 'kernel_gamma': 0.001, 'nystrom_n_components': 800, 'nystrom_lr': 0.01, 'nystrom_epochs': 48, 'nystrom_batch_size': 256}
1. Nyström Mapping (m=500)...
2. Computing Regularization Matrix...
3. Optimizing with Adam (Epochs=6)...
Fast Training Completed.
Training Completed (fast_nystrom).
1. Nyström Mapping (m=500)...
2. Computing Regularization Matrix...
3. Optimizing with Adam (Epochs=6)...
Fast Training Completed.
Training Completed (fast_nystrom).
1. Nyström Mapping (m=500)...
2. Computing Regularization Matrix...
3. Optimizing with Adam (Epochs=6)...
Fast Training Completed.
Training Completed (fast_nystrom).
1. Nyström Mapping (m=500)...
2. Computing Regularization Matrix...
3. Optimizing with Adam (Epochs=6)...
Fast Training Completed.
Training Completed (fast_nystrom).
  - Trial 2/8: {'lambda1': 0.0001, 'lambda2': 0.0001, 'C_S': 0.1, 'C_T': 100.0, 'kernel_gamma': 0.001, 'nystrom_n_components': 1000, 'nystrom_lr': 0.01, 'nystrom_epochs': 64, 'nystrom_batch_size': 256}
1. Nyström Mapping (m=500)...
2. Computing Regularization Matrix...
3. Optimizing with Adam (Epochs=6)...
Fast Training Completed.
Training Completed (fast_nystrom).
1. Nyström Mapping (m=500)...
2. Computing Regularization Matrix...
3. Optimizing with Adam (Epochs=6)...
Fast Training Completed.
Training Completed (fast_nystrom).
1. Nyström Mapping (m=500)...
2. Computing Regularization Matrix...
3. Optimizing with Adam (Epochs=6)...
Fast Training Completed.
Training Completed (fast_nystrom).
1. Nyström Mapping (m=500)...
2. Computing Regularization Matrix...
3. Optimizing with Adam (Epochs=6)...
Fast Training Completed.
Training Completed (fast_nystrom).
  - Trial 3/8: {'lambda1': 0.0005, 'lambda2': 0.0001, 'C_S': 0.05, 'C_T': 150.0, 'kernel_gamma': 0.002, 'nystrom_n_components': 1200, 'nystrom_lr': 0.01, 'nystrom_epochs': 64, 'nystrom_batch_size': 256}
1. Nyström Mapping (m=500)...
2. Computing Regularization Matrix...
3. Optimizing with Adam (Epochs=6)...
Fast Training Completed.
Training Completed (fast_nystrom).
1. Nyström Mapping (m=500)...
2. Computing Regularization Matrix...
3. Optimizing with Adam (Epochs=6)...
Fast Training Completed.
Training Completed (fast_nystrom).
1. Nyström Mapping (m=500)...
2. Computing Regularization Matrix...
3. Optimizing with Adam (Epochs=6)...
Fast Training Completed.
Training Completed (fast_nystrom).
1. Nyström Mapping (m=500)...
2. Computing Regularization Matrix...
3. Optimizing with Adam (Epochs=6)...
Fast Training Completed.
Training Completed (fast_nystrom).
  - Trial 4/8: {'lambda1': 0.001, 'lambda2': 0.001, 'C_S': 0.1, 'C_T': 200.0, 'kernel_gamma': 0.001, 'nystrom_n_components': 1200, 'nystrom_lr': 0.005, 'nystrom_epochs': 80, 'nystrom_batch_size': 256}
1. Nyström Mapping (m=500)...
2. Computing Regularization Matrix...
3. Optimizing with Adam (Epochs=6)...
Fast Training Completed.
Training Completed (fast_nystrom).
1. Nyström Mapping (m=500)...
2. Computing Regularization Matrix...
3. Optimizing with Adam (Epochs=6)...
Fast Training Completed.
Training Completed (fast_nystrom).
1. Nyström Mapping (m=500)...
2. Computing Regularization Matrix...
3. Optimizing with Adam (Epochs=6)...
Fast Training Completed.
Training Completed (fast_nystrom).
1. Nyström Mapping (m=500)...
2. Computing Regularization Matrix...
3. Optimizing with Adam (Epochs=6)...
Fast Training Completed.
Training Completed (fast_nystrom).
  - Trial 5/8: {'lambda1': 0.001, 'lambda2': 0.1, 'C_S': 0.05, 'C_T': 200.0, 'kernel_gamma': 0.0005, 'nystrom_n_components': 1500, 'nystrom_lr': 0.01, 'nystrom_epochs': 80, 'nystrom_batch_size': 256}
1. Nyström Mapping (m=500)...
2. Computing Regularization Matrix...
3. Optimizing with Adam (Epochs=6)...
Fast Training Completed.
Training Completed (fast_nystrom).
1. Nyström Mapping (m=500)...
2. Computing Regularization Matrix...
3. Optimizing with Adam (Epochs=6)...
Fast Training Completed.
Training Completed (fast_nystrom).
1. Nyström Mapping (m=500)...
2. Computing Regularization Matrix...
3. Optimizing with Adam (Epochs=6)...
Fast Training Completed.
Training Completed (fast_nystrom).
1. Nyström Mapping (m=500)...
2. Computing Regularization Matrix...
3. Optimizing with Adam (Epochs=6)...
Fast Training Completed.
Training Completed (fast_nystrom).
  - Trial 6/8: {'lambda1': 0.01, 'lambda2': 0.001, 'C_S': 0.1, 'C_T': 300.0, 'kernel_gamma': 0.002, 'nystrom_n_components': 1500, 'nystrom_lr': 0.01, 'nystrom_epochs': 80, 'nystrom_batch_size': 256}
1. Nyström Mapping (m=500)...
2. Computing Regularization Matrix...
3. Optimizing with Adam (Epochs=6)...
Fast Training Completed.
Training Completed (fast_nystrom).
1. Nyström Mapping (m=500)...
2. Computing Regularization Matrix...
3. Optimizing with Adam (Epochs=6)...
Fast Training Completed.
Training Completed (fast_nystrom).
1. Nyström Mapping (m=500)...
2. Computing Regularization Matrix...
3. Optimizing with Adam (Epochs=6)...
Fast Training Completed.
Training Completed (fast_nystrom).
1. Nyström Mapping (m=500)...
2. Computing Regularization Matrix...
3. Optimizing with Adam (Epochs=6)...
Fast Training Completed.
Training Completed (fast_nystrom).
  - Trial 7/8: {'lambda1': 1e-05, 'lambda2': 0.005, 'C_S': 0.1, 'C_T': 150.0, 'kernel_gamma': 0.001, 'nystrom_n_components': 1500, 'nystrom_lr': 0.005, 'nystrom_epochs': 80, 'nystrom_batch_size': 256}
1. Nyström Mapping (m=500)...
2. Computing Regularization Matrix...
3. Optimizing with Adam (Epochs=6)...
Fast Training Completed.
Training Completed (fast_nystrom).
1. Nyström Mapping (m=500)...
2. Computing Regularization Matrix...
3. Optimizing with Adam (Epochs=6)...
Fast Training Completed.
Training Completed (fast_nystrom).
1. Nyström Mapping (m=500)...
2. Computing Regularization Matrix...
3. Optimizing with Adam (Epochs=6)...
Fast Training Completed.
Training Completed (fast_nystrom).
1. Nyström Mapping (m=500)...
2. Computing Regularization Matrix...
3. Optimizing with Adam (Epochs=6)...
Fast Training Completed.
Training Completed (fast_nystrom).
  - Trial 8/8: {'lambda1': 5e-05, 'lambda2': 1e-05, 'C_S': 0.1, 'C_T': 400.0, 'kernel_gamma': 0.002, 'nystrom_n_components': 1200, 'nystrom_lr': 0.01, 'nystrom_epochs': 80, 'nystrom_batch_size': 256}
1. Nyström Mapping (m=500)...
2. Computing Regularization Matrix...
3. Optimizing with Adam (Epochs=6)...
Fast Training Completed.
Training Completed (fast_nystrom).
1. Nyström Mapping (m=500)...
2. Computing Regularization Matrix...
3. Optimizing with Adam (Epochs=6)...
Fast Training Completed.
Training Completed (fast_nystrom).
1. Nyström Mapping (m=500)...
2. Computing Regularization Matrix...
3. Optimizing with Adam (Epochs=6)...
Fast Training Completed.
Training Completed (fast_nystrom).
1. Nyström Mapping (m=500)...
2. Computing Regularization Matrix...
3. Optimizing with Adam (Epochs=6)...
Fast Training Completed.
Training Completed (fast_nystrom).
[TL-QLDMR] Final training with best params...
1. Nyström Mapping (m=1500)...
2. Computing Regularization Matrix...
3. Optimizing with Adam (Epochs=80)...
Epoch 10/80 complete.
Epoch 20/80 complete.
Epoch 30/80 complete.
Epoch 40/80 complete.
Epoch 50/80 complete.
Epoch 60/80 complete.
Epoch 70/80 complete.
Epoch 80/80 complete.
Fast Training Completed.
Training Completed (fast_nystrom).
1. Nyström Mapping (m=1500)...
2. Computing Regularization Matrix...
3. Optimizing with Adam (Epochs=80)...
Epoch 10/80 complete.
Epoch 20/80 complete.
Epoch 30/80 complete.
Epoch 40/80 complete.
Epoch 50/80 complete.
Epoch 60/80 complete.
Epoch 70/80 complete.
Epoch 80/80 complete.
Fast Training Completed.
Training Completed (fast_nystrom).

Saved results to:
/home/user/lin/experiment3/results_selected
